Circuit: * F:\Lab5\File\Draft4.asc

Warning: Multiple definitions of model "2scr375p" Type: BJT
Warning: Multiple definitions of model "bc857b" Type: BJT
Warning: Multiple definitions of model "bc847c" Type: BJT
Warning: Multiple definitions of model "bc847b" Type: BJT
.OP point found by inspection.
.step vbb=0
.step vbb=1
.step vbb=2
.step vbb=3
.step vbb=4
.step vbb=5

Date: Sun Nov 26 16:20:10 2023
Total elapsed time: 0.234 seconds.

tnom = 27
temp = 27
method = trap
totiter = 2453
traniter = 0
tranpoints = 0
accept = 0
rejected = 0
matrix size = 5
fillins = 0
solver = Normal
Matrix Compiler1: 114 bytes object code size  0.1/0.0/[0.0]
Matrix Compiler2: off  [0.0]/0.1/0.1

