Circuit: * F:\exp 6\lab task\EXP 6 TASK 2.asc

Direct Newton iteration for .op point succeeded.
Semiconductor Device Operating Points:
                        --- MOSFET Transistors ---
Name:          m3          m2          m1
Model:        nmos        nmos        nmos
Id:          3.12e-05    1.56e-05    1.56e-05
Vgs:         5.00e+00    5.00e+00    4.84e+00
Vds:         3.22e-01    1.58e-01    1.64e-01
Vbs:         0.00e+00    0.00e+00    0.00e+00
Vth:         0.00e+00    0.00e+00    0.00e+00
Vdsat:       5.00e+00    5.00e+00    4.84e+00
Gm:          6.44e-06    3.17e-06    3.28e-06
Gds:         9.36e-05    9.68e-05    9.36e-05
Gmb:         0.00e+00    0.00e+00    0.00e+00
Cbd:         0.00e+00    0.00e+00    0.00e+00
Cbs:         0.00e+00    0.00e+00    0.00e+00
Cgsov:       0.00e+00    0.00e+00    0.00e+00
Cgdov:       0.00e+00    0.00e+00    0.00e+00
Cgbov:       0.00e+00    0.00e+00    0.00e+00
Cgs:         0.00e+00    0.00e+00    0.00e+00
Cgd:         0.00e+00    0.00e+00    0.00e+00
Cgb:         0.00e+00    0.00e+00    0.00e+00



Date: Thu Dec 07 17:58:42 2023
Total elapsed time: 0.063 seconds.

tnom = 27
temp = 27
method = trap
totiter = 14
traniter = 0
tranpoints = 0
accept = 0
rejected = 0
matrix size = 10
fillins = 0
solver = Normal
Matrix Compiler1: 292 bytes object code size
Matrix Compiler2: 666 bytes object code size
