Circuit: * F:\exp 6\lab6 task3\Draft7.asc

Direct Newton iteration for .op point succeeded.
Semiconductor Device Operating Points:
                        --- MOSFET Transistors ---
Name:          m5          m4          m3          m2          m1
Model:        nmos        nmos        nmos        nmos        nmos
Id:          5.00e-08    7.51e-12    2.50e-12    2.50e-12    2.50e-12
Vgs:         5.00e+00    0.00e+00   -3.75e+00   -3.75e+00   -3.75e+00
Vds:         5.00e-04    3.75e+00    1.25e+00    1.25e+00    1.25e+00
Vbs:         0.00e+00    0.00e+00    0.00e+00    0.00e+00    0.00e+00
Vth:         0.00e+00    0.00e+00    0.00e+00    0.00e+00    0.00e+00
Vdsat:       5.00e+00    0.00e+00    0.00e+00    0.00e+00    0.00e+00
Gm:          1.00e-08    0.00e+00    0.00e+00    0.00e+00    0.00e+00
Gds:         1.00e-04    0.00e+00    0.00e+00    0.00e+00    0.00e+00
Gmb:         0.00e+00    0.00e+00    0.00e+00    0.00e+00    0.00e+00
Cbd:         0.00e+00    0.00e+00    0.00e+00    0.00e+00    0.00e+00
Cbs:         0.00e+00    0.00e+00    0.00e+00    0.00e+00    0.00e+00
Cgsov:       0.00e+00    0.00e+00    0.00e+00    0.00e+00    0.00e+00
Cgdov:       0.00e+00    0.00e+00    0.00e+00    0.00e+00    0.00e+00
Cgbov:       0.00e+00    0.00e+00    0.00e+00    0.00e+00    0.00e+00
Cgs:         0.00e+00    0.00e+00    0.00e+00    0.00e+00    0.00e+00
Cgd:         0.00e+00    0.00e+00    0.00e+00    0.00e+00    0.00e+00
Cgb:         0.00e+00   -0.00e+00    0.00e+00    0.00e+00    0.00e+00



Date: Thu Dec 07 19:10:49 2023
Total elapsed time: 0.062 seconds.

tnom = 27
temp = 27
method = trap
totiter = 11
traniter = 0
tranpoints = 0
accept = 0
rejected = 0
matrix size = 13
fillins = 0
solver = Normal
Matrix Compiler1: 442 bytes object code size
Matrix Compiler2: 973 bytes object code size
